{"log":
 [{"message":
   ".> LEAN_PATH=././.lake/build/lib LD_LIBRARY_PATH= /nix/store/36apymdbp72rf62wp1l4vb3wlvq8g33h-lean/bin/lean -DautoImplicit=false ././././PSS/Theorems.lean -R ./././. -o ././.lake/build/lib/PSS/Theorems.olean -i ././.lake/build/lib/PSS/Theorems.ilean -c ././.lake/build/ir/PSS/Theorems.c --json",
   "level": "trace"},
  {"message": "././././PSS/Theorems.lean:35:8: declaration uses 'sorry'",
   "level": "warning"},
  {"message": "././././PSS/Theorems.lean:43:8: declaration uses 'sorry'",
   "level": "warning"},
  {"message": "././././PSS/Theorems.lean:51:8: declaration uses 'sorry'",
   "level": "warning"},
  {"message": "././././PSS/Theorems.lean:63:8: declaration uses 'sorry'",
   "level": "warning"},
  {"message": "././././PSS/Theorems.lean:73:8: declaration uses 'sorry'",
   "level": "warning"},
  {"message": "././././PSS/Theorems.lean:81:8: declaration uses 'sorry'",
   "level": "warning"},
  {"message": "././././PSS/Theorems.lean:95:8: declaration uses 'sorry'",
   "level": "warning"},
  {"message": "././././PSS/Theorems.lean:108:8: declaration uses 'sorry'",
   "level": "warning"},
  {"message": "././././PSS/Theorems.lean:118:8: declaration uses 'sorry'",
   "level": "warning"},
  {"message": "././././PSS/Theorems.lean:136:8: declaration uses 'sorry'",
   "level": "warning"},
  {"message": "././././PSS/Theorems.lean:161:8: declaration uses 'sorry'",
   "level": "warning"},
  {"message": "././././PSS/Theorems.lean:168:8: declaration uses 'sorry'",
   "level": "warning"}],
 "depHash": "14845611171465962220"}